Hello from Draguniteus testing